Registering Recipient...
Registering Donor...
Connecting Recipient Socket...
Recipient Socket Connected & Joined Room.
Creating Blood Request...
Accepting Blood Request as Donor...

--- SUCCESS! received requestAccepted event ---
{
  "requestId": "69abea2ab491eb473f943b4e",
  "bloodGroup": "O+",
  "hospital": "Test Hospital",
  "donorName": "DonorTest_1772874282196",
  "donorContact": "9999999999"
}

Γ¥î TEST FAILED: donorContact is missing or incorrect.
